begin;
insert into idm.roles (rolname) values ('test_role_001_without_options');
insert into idm.roles (rolname, rolsuper) values ('test_role_002_with_superuser', true);
insert into idm.roles (rolname, rolcreatedb) values ('test_role_003_with_createdb', true);
insert into idm.roles (rolname, rolinherit) values ('test_role_004_with_inherit', true);
insert into idm.roles (rolname, rolcanlogin) values ('test_role_005_with_login', true);
insert into idm.roles (rolname, rolreplication) values ('test_role_006_with_replication', true);
insert into idm.roles (rolname, rolconnlimit) values ('test_role_007_with_connlimit', 1);
insert into idm.roles (rolname, rolvaliduntil) values ('test_role_008_with_validuntil', to_timestamp('2000-01-01', 'YYYY-MM-DD'));
insert into idm.roles (rolname, rolbypassrls) values ('test_role_009_with_bypassrls', true);
insert into idm.roles (rolname, rolsuper, rolcanlogin, rolconnlimit) values ('test_role_010_with_mixed', true, true, 10);
select
    rolname,
    rolsuper,
    rolinherit,
    rolcreaterole,
    rolcreatedb,
    rolcanlogin,
    rolreplication,
    rolconnlimit,
    to_char(rolvaliduntil, 'YYYY-MM-DD') as rolvaliduntil,
    rolbypassrls
from idm.roles
where rolname like 'test_role_%'
order by rolname;
            rolname             | rolsuper | rolinherit | rolcreaterole | rolcreatedb | rolcanlogin | rolreplication | rolconnlimit | rolvaliduntil | rolbypassrls 
--------------------------------+----------+------------+---------------+-------------+-------------+----------------+--------------+---------------+--------------
 test_role_001_without_options  | f        | t          | f             | f           | f           | f              |           -1 |               | f
 test_role_002_with_superuser   | t        | t          | f             | f           | f           | f              |           -1 |               | f
 test_role_003_with_createdb    | f        | t          | f             | t           | f           | f              |           -1 |               | f
 test_role_004_with_inherit     | f        | t          | f             | f           | f           | f              |           -1 |               | f
 test_role_005_with_login       | f        | t          | f             | f           | t           | f              |           -1 |               | f
 test_role_006_with_replication | f        | t          | f             | f           | f           | t              |           -1 |               | f
 test_role_007_with_connlimit   | f        | t          | f             | f           | f           | f              |            1 |               | f
 test_role_008_with_validuntil  | f        | t          | f             | f           | f           | f              |           -1 | 2000-01-01    | f
 test_role_009_with_bypassrls   | f        | t          | f             | f           | f           | f              |           -1 |               | t
 test_role_010_with_mixed       | t        | t          | f             | f           | t           | f              |           10 |               | f
(10 rows)

with w_inserted as (
    insert into idm.roles (rolname, rolsuper, rolcanlogin, rolconnlimit) 
    values ('test_role_011_returning', true, true, 10)
    returning *
)
select
    rolname,
    rolsuper,
    rolinherit,
    rolcreaterole,
    rolcreatedb,
    rolcanlogin,
    rolreplication,
    rolconnlimit,
    to_char(rolvaliduntil, 'YYYY-MM-DD') as rolvaliduntil,
    rolbypassrls
from w_inserted;
         rolname         | rolsuper | rolinherit | rolcreaterole | rolcreatedb | rolcanlogin | rolreplication | rolconnlimit | rolvaliduntil | rolbypassrls 
-------------------------+----------+------------+---------------+-------------+-------------+----------------+--------------+---------------+--------------
 test_role_011_returning | t        | t          | f             | f           | t           | f              |           10 |               | f
(1 row)

        
rollback;
